08000000 A _stext
08000000 T _vectors
08000118 t handlers
08000118 t stm32_reserved
08000120 t stm32_nmi
08000128 t stm32_hardfault
08000130 t stm32_mpu
08000138 t stm32_busfault
08000140 t stm32_usagefault
08000148 t stm32_svcall
08000150 t stm32_dbgmonitor
08000158 t stm32_pendsv
08000160 t stm32_systick
08000168 t stm32_wwdg
08000170 t stm32_pvd
08000178 t stm32_tamper
08000180 t stm32_rtc_wkup
08000188 t stm32_flash
08000190 t stm32_rcc
08000198 t stm32_exti0
080001a0 t stm32_exti1
080001a8 t stm32_exti2
080001b0 t stm32_exti3
080001b8 t stm32_exti4
080001c0 t stm32_dma1ch1
080001c8 t stm32_dma1ch2
080001d0 t stm32_dma1ch3
080001d8 t stm32_dma1ch4
080001e0 t stm32_dma1ch5
080001e8 t stm32_dma1ch6
080001f0 t stm32_dma1ch7
080001f8 t stm32_adc1
08000200 t stm32_usbhp
08000208 t stm32_usblp
08000210 t stm32_dac
08000218 t stm32_comp
08000220 t stm32_exti95
08000228 t stm32_ldc
08000230 t stm32_tim9
08000238 t stm32_tim10
08000240 t stm32_tim11
08000248 t stm32_tim2
08000250 t stm32_tim3
08000258 t stm32_tim4
08000260 t stm32_i2c1ev
08000268 t stm32_i2c1er
08000270 t stm32_i2c2ev
08000278 t stm32_i2c2er
08000280 t stm32_spi1
08000288 t stm32_spi2
08000290 t stm32_usart1
08000298 t stm32_usart2
080002a0 t stm32_usart3
080002a8 t stm32_exti1510
080002b0 t stm32_rtcalrm
080002b8 t stm32_usbwkup
080002c0 t stm32_tim6
080002c8 t stm32_tim7
080002d0 t stm32_tim5
080002d8 t stm32_spi3
080002e0 t stm32_dma2ch1
080002e8 t stm32_dma2ch2
080002f0 t stm32_dma2ch3
080002f8 t stm32_dma2ch4
08000300 t stm32_dma2ch5
08000308 t stm32_aes
08000310 t stm32_compacq
08000318 T exception_common
08000364 T __start
080003b8 T stm32_clockconfig
08000474 T stm32_gpioinit
08000476 T stm32_gpiowrite
08000498 T stm32_configgpio
0800060c T stm32_unconfiggpio
08000612 T stm32_gpioread
0800063c T up_lowputc
08000654 T stm32_lowsetup
080006c8 t up_setusartint
080006ee t up_restoreusartint
08000704 t up_disableusartint
08000730 t up_set_format
080007a6 t up_receive
080007bc t up_rxint
080007e8 t up_rxavailable
080007f4 t up_send
080007fc t up_txready
08000808 t up_txint
08000840 t up_ioctl
080008e0 t up_detach
080008fc t up_attach
08000920 t up_interrupt
0800096e t up_shutdown
080009d0 t up_setup
08000a60 T stm32_serial_get_uart
08000a84 T up_earlyserialinit
08000aa8 T up_serialinit
08000b04 T up_putc
08000b38 T stm32_pwr_enablebkp
08000ba4 T stm32_pwr_initbkp
08000bc4 T stm32_pwr_enablewkup
08000c00 T stm32_pwr_getsbf
08000c10 T stm32_pwr_getwuf
08000c20 T stm32_pwr_setvos
08000c50 T stm32_pwr_setpvd
08000c68 T stm32_pwr_enablepvd
08000c78 T stm32_pwr_disablepvd
08000c88 T up_udelay
08000cf0 T modifyreg32
08000d0c T up_doirq
08000d30 t stm32_irqinfo
08000d94 T up_irqinitialize
08000e10 T up_disable_irq
08000e34 T up_enable_irq
08000e56 T up_ack_irq
08000e58 T up_hardfault
08000eb0 T up_svcall
08000ee4 T up_assert
08001058 T stm32_boardinitialize
0800105a T board_initialize
0800105e T stm32_bringup
08001064 T os_start
080011b8 t os_start_task
080011f0 T os_bringup
08001228 T irq_attach
08001268 T irq_dispatch
08001290 T irq_unexpected_isr
080012a4 t thread_create
0800134c T task_create
08001366 T kthread_create
08001380 t task_assignpid
080013d4 T task_schedsetup
08001438 T pthread_schedsetup
08001498 T task_argsetup
08001550 T task_activate
08001568 T task_start
08001594 T exit
080015b0 t work_hpthread
080015c8 T work_hpstart
08001610 T get_errno_ptr
08001634 T group_allocate
0800166c T group_initialize
08001678 T group_setupidlefiles
080016b8 T group_setuptaskfiles
080016f8 W irq_initialize
08001718 T sched_garbage_collection
08001744 T sched_have_garbage
08001754 T sched_releasetcb
08001794 T sched_lock
080017b0 T sched_unlock
08001818 T nxsig_procmask
08001878 T sigprocmask
08001894 T nxsig_unmask_pendingsignal
080018f0 T nxsig_remove_pendingsignal
0800192c T nxsig_release_pendingsignal
0800196c T nxsig_lowest
0800198c T nxsig_tcbdispatch
08001b34 T nxsig_dispatch
08001b50 T nxsig_deliver
08001bdc T task_exithook
08001c48 T task_recover
08001c5a T wd_recover
08001c80 T work_process
08001d34 W clock_initialize
08001d98 W clock_timer
08001da8 T clock_ticks2time
08001dc4 T group_leave
08001e0c T group_setupstreams
08001e38 T pthread_release
08001e68 T sched_ufree
08001eac T sched_gettcb
08001ed0 T nxsem_destroy
08001eea T sem_destroy
08001f04 T nxsem_post
08001f64 T sem_post
08001f80 T nxsem_recover
08001fa4 T nxsem_wait_irq
08001fd0 T nxsig_alloc_actionblock
08001ffc W nxsig_initialize
080020cc T nxsig_pendingset
080020f8 T sigpending
08002118 T nxsig_find_action
0800213c T nxsig_alloc_pendingsigaction
08002184 T nxsig_release_pendingsigaction
080021c4 T nxsig_cleanup
080021f2 T nxsig_release
08002218 T nxsig_usleep
08002244 T wd_cancel
080022b0 T wd_delete
08002304 T work_signal
0800231c T nxsig_release_action
08002328 T sigaction
080023dc T nxsig_kill
0800241e T kill
08002438 T nxsig_nanosleep
080024c0 T clock_nanosleep
08002524 W wd_initialize
08002560 T clock_gettime
080025e0 T clock_time2ticks
08002618 T clock_systimespec
08002654 T clock_timespec_subtract
08002690 t nxsig_timeout
080026b4 T nxsig_timedwait
080027c0 T sigtimedwait
080027dc T wd_create
08002838 T wd_start
08002914 T wd_timer
0800297c t uart_pollnotify
08002994 t uart_takesem
080029a8 t uart_poll
08002a60 t uart_putxmitchar
08002aec t uart_read
08002bca t uart_open
08002c5c t uart_tcdrain
08002cda t uart_ioctl
08002e0e t uart_close
08002ea4 t uart_write
08002fa6 T uart_register
08003020 T uart_datareceived
0800303c T uart_datasent
08003058 T uart_xmitchars
080030c8 T uart_recvchars
08003130 T syslog_initialize
0800313c T syslog_console_channel
08003164 t syslog_default_flush
08003168 T syslog_channel
0800317c T syslog_default_write
08003196 T syslog_write
080031c8 t syslog_dev_takesem
080031f4 T syslog_dev_initialize
08003270 t syslog_dev_outputready
080032d4 T syslog_dev_write
08003394 T syslog_dev_putc
080033f4 T syslog_dev_flush
080033f8 T syslog_putc
08003424 T lib_stream_initialize
08003450 T lib_stream_release
08003456 T sq_addlast
0800346a T sq_addfirst
08003478 T sq_addafter
08003494 T sq_rem
080034c0 T sq_remfirst
080034d4 T sq_remafter
080034f6 T dq_addfirst
0800350e T dq_rem
0800352a T nxsem_init
08003540 T sem_init
08003560 T nxsem_setprotocol
0800357a T sem_setprotocol
08003594 T sigaddset
080035b6 T sigdelset
080035dc T sigemptyset
080035e4 T sigismember
080035f6 T lib_flushall
08003638 T lib_fflush
0800363c T memset
0800364c T strcpy
0800365c T strdup
0800367e T strlen
0800368e T memcpy
080036a4 T vsyslog
080036c8 T syslog
080036e4 T setlogmask
08003700 T cfgetspeed
08003704 T cfsetspeed
0800370a T clock_calendar2utc
0800373c T clock_daysbeforemonth
08003754 T clock_isleapyear
08003780 T stream_semtake
08003790 T stream_semgive
08003794 T umm_initialize
080037a4 T umm_trysemaphore
080037b0 T umm_givesemaphore
080037bc T free
080037c8 T malloc
080037d4 T zalloc
080037e0 T mm_addregion
08003830 T mm_initialize
08003870 T mm_seminitialize
08003888 T mm_trysemaphore
080038b4 T mm_takesemaphore
080038de T mm_givesemaphore
080038f8 T mm_addfreechunk
0800392e T mm_size2ndx
08003948 T mm_free
080039ec T mm_malloc
08003a7e T mm_zalloc
08003a98 T up_allocate_heap
08003ab0 T up_idle
08003ab4 T up_block_task
08003b38 T up_copyfullstate
08003b4e T up_create_stack
08003b90 T _exit
08003bac T up_initialize
08003bd4 T up_initial_state
08003bfc T up_interrupt_context
08003c0c T up_release_pending
08003c54 T up_release_stack
08003c6c T up_schedule_sigaction
08003cf4 T up_sigdeliver
08003d48 T up_stack_frame
08003d70 T up_unblock_task
08003dd4 T up_fullcontextrestore
08003dde T up_switchcontext
08003dec t stm32_timerisr
08003df6 T arm_timer_initialize
08003e3c T nsh_main
08003e64 T nsh_initialize
08003e66 T nsh_consolemain
08003e7c t nsh_consolelinebuffer
08003e80 t nsh_consoleredirect
08003eac t nsh_closeifnotclosed
08003f04 t nsh_consoleundirect
08003f1c t nsh_consolerelease
08003f2e t nsh_consoleexit
08003f3c t nsh_consoleoutput
08003f7c t nsh_consolewrite
08003fb8 T nsh_newconsole
08004018 t nsh_consoleclone
08004020 T nsh_session
080040a0 t readline_write
080040a6 t readline_putc
080040cc t readline_getc
080040fc T readline
08004134 T readline_common
08004208 t nsh_releaseargs
08004242 t nsh_child
0800425e t nsh_argument.isra.1
080042f8 t nsh_parse_command
08004630 T nsh_parse
080046a0 t cmd_unrecognized
080046b4 t cmd_exit
080046bc t help_showcmd
080046dc t help_cmd
08004728 t cmd_help
08004820 T nsh_command
08004888 t nsh_getdirpath
080048d8 t ls_handler
08004a5c t ls_recursive
08004ae8 T cmd_cat
08004b24 T cmd_ls
08004c78 T cmd_mv
08004cc8 t ps_callback
08004ff4 T cmd_exec
0800503c T cmd_ps
080050e0 T cmd_kill
08005178 T cmd_sleep
080051b4 T cmd_usleep
080051f0 T cmd_free
080051fc T cmd_echo
0800525c t mem_parse.isra.0
080052aa T cmd_mb
08005330 T cmd_mh
080053c0 T cmd_mw
0800542c T nsh_dumpbuffer
080054e0 T cmd_xd
08005538 T cmd_hexdump
08005608 t isspace
0800561c T nsh_catfile
08005728 T nsh_readfile
080057cc T nsh_foreach_direntry
0800582c T nsh_trimspaces
08005868 T nsh_builtin
080058fc T cmd_mount
08005a14 T exec_builtin
08005aec T builtin_for_index
08005b08 t print_ShapeType_topic
08005b3c t print_status
08005c04 t on_status
08005c0e t on_topic
08005c34 t compute_print_command.constprop.0
08005c74 t compute_command
08006260 T client_main
080064c4 T ShapeType_serialize_topic
08006502 T ShapeType_deserialize_topic
08006538 T ShapeType_size_of_topic
0800657a T mr_write_ShapeType_topic
080065e8 T fs_initialize
080065ec t _files_close
08006616 t _files_semtake
08006626 W files_initialize
08006628 T files_initlist
08006630 T files_releaselist
08006650 T file_dup2
080066e6 T files_allocate
08006738 T files_close
0800676a T files_release
08006798 T inode_initialize
080067c4 T inode_semtake
080067f8 T inode_semgive
0800681c T inode_addref
08006836 T inode_release
0800686e T file_detach
080068c6 T file_close_detached
080068f2 T close
08006916 T dup2
08006968 T fs_getfilep
08006996 T inode_checkflags
080069be T open
08006a94 T file_read
08006aba T nx_read
08006ae2 T read
08006afc T rename
08006d4c T inode_stat
08006dae T stat_recursive
08006e1a T stat
08006e68 T select
0800709a T file_write
080070ba T nx_write
080070ea T write
08007104 T fs_fdopen
080071ae T register_driver
080071e0 T block_proxy
08007284 T closedir
080072e8 T opendir
080073e4 T readdir
080074a0 T mount
08007560 t procfs_enum
08007570 t procfs_read
0800757a t procfs_write
0800758a t procfs_ioctl
08007590 t procfs_dup
0800759a t procfs_rewinddir
080075b0 t procfs_bind
080075b4 t procfs_unbind
080075b8 t procfs_statfs
080075e0 t procfs_fstat
08007608 t procfs_open
0800765c t procfs_stat
080076d4 t procfs_readdir
08007860 t procfs_closedir
08007872 t procfs_close
08007882 t procfs_opendir
0800794c t proc_rewinddir
08007954 t proc_findnode
0800797c t proc_stat
08007a04 t proc_readdir
08007a68 t proc_closedir
08007a7a t proc_close
08007a8a t proc_opendir
08007b38 t proc_open
08007bc2 t proc_dup
08007be6 t proc_read
08008040 t uptime_stat
0800806c t uptime_dup
08008090 t uptime_read
080080f8 t uptime_close
08008108 t uptime_open
08008144 t meminfo_stat
08008170 t meminfo_dup
08008194 t meminfo_read
08008218 t meminfo_close
08008228 t meminfo_open
08008264 T inode_find
08008286 T inode_free
080082a4 T inode_unlink
080082ec T inode_remove
08008318 t inode_alloc
08008354 T inode_reserve
080083fc T inode_nextname
08008414 T inode_search
080084c8 T file_poll
08008514 T fdesc_poll
08008532 T poll
08008654 T unlink
08008714 t mount_stat
0800872c t mount_dup
08008750 t mount_read
080087bc t mount_sprintf
08008802 t usage_entry
080088cc t blocks_entry
0800891c t mount_entry
08008948 t mount_close
08008958 t mount_open
080089b8 T fs_gettype
080089d8 T procfs_memcpy
08008a04 t mountpoint_filter
08008a74 T foreach_mountpoint
08008a8c t foreach_inodelevel
08008af4 T foreach_inode
08008b34 T builtin_getname
08008b40 T builtin_isavail
08008b70 T __aeabi_ldivmod
08008ba8 T __aeabi_uldivmod
08008bd8 T __gnu_ldivmod_helper
08008c08 T __gnu_uldivmod_helper
08008c38 W __aeabi_idiv0
08008c38 W __aeabi_ldiv0
08008c3c T __divdi3
08008ee8 T __udivdi3
08009158 t pthread_start
080091b0 T pthread_create
08009380 T pthread_exit
080093c8 T pthread_detach
08009410 W pthread_initialize
08009412 T pthread_sem_take
0800943a T pthread_sem_give
08009450 T pthread_destroyjoin
0800949a T pthread_completejoin
0800952c T pthread_findjoininfo
0800953e T pthread_mutex_inconsistent
08009580 T sched_getfiles
08009590 T sched_addreadytorun
080095dc T sched_removereadytorun
08009604 T sched_addprioritized
08009658 T sched_mergepending
080096bc T sched_addblocked
080096e4 T sched_removeblocked
08009700 T sched_getstreams
08009710 T sched_setpriority
080097b4 T sched_getparam
080097fc T sched_getscheduler
08009828 T sched_foreach
08009858 T sched_idletask
08009870 T sched_self
0800987c T waitpid
080098fe T sched_resume_scheduler
08009904 T sched_process_timer
08009938 T nxsem_wait
080099a0 T sem_wait
080099bc T nxsem_trywait
080099f8 T sem_trywait
08009a14 T nxsem_tickwait
08009aa4 T nxsem_timeout
08009aca T nxsem_reset
08009b10 T task_exit
08009b5c T task_getgroup
08009b68 T getpid
08009b78 T task_terminate
08009bcc t task_spawn_exec
08009c2a t task_spawn_proxy
08009c54 T task_spawn
08009d10 T group_bind
08009d20 T group_join
08009d2c T group_addwaiter
08009d34 T group_delwaiter
08009d4a T sched_roundrobin_process
08009d88 T spawn_semtake
08009da8 T spawn_execattrs
08009dec T spawn_proxyattrs
08009e80 T sched_setparam
08009ed4 T sched_setscheduler
08009f44 T bchdev_register
08009f78 t bch_unlink
08009fa8 t bch_ioctl
0800a016 t bch_seek
0800a060 t bch_open
0800a088 t bch_write
0800a0c8 t bch_read
0800a0fe t bch_close
0800a148 t bch_poll
0800a164 T _vsyslog
0800a18c t syslogstream_putc
0800a1b4 T syslogstream_create
0800a1cc t emergstream_putc
0800a1f0 T emergstream
0800a208 T syslog_force
0800a214 t devnull_read
0800a218 t devnull_write
0800a21c t devnull_poll
0800a238 T devnull_register
0800a250 T bchlib_setup
0800a2e8 T bchlib_teardown
0800a31a T bchlib_read
0800a3e0 T bchlib_write
0800a4c2 T bchlib_flushsector
0800a4de T bchlib_readsector
0800a50c T bchlib_semtake
0800a520 T basename
0800a568 t match_one
0800a644 T match
0800a67c T pthread_attr_init
0800a694 T pthread_attr_setschedpolicy
0800a6a6 T pthread_attr_setschedparam
0800a6b6 T dq_addlast
0800a6ce T sched_get_priority_max
0800a6d2 T sched_get_priority_min
0800a6d6 T nxsem_getvalue
0800a6ea T sem_getvalue
0800a704 T posix_spawn_file_actions_addopen
0800a750 T posix_spawn_file_actions_destroy
0800a766 T posix_spawn_file_actions_init
0800a76e T posix_spawnattr_init
0800a7a4 T posix_spawnattr_setflags
0800a7aa T posix_spawnattr_setschedparam
0800a7b2 T posix_spawnattr_setschedpolicy
0800a7b8 T task_spawnattr_setstacksize
0800a7be T printf
0800a7e2 T sprintf
0800a810 T asprintf
0800a82a T snprintf
0800a858 T vasprintf
0800a8a0 T vsnprintf
0800a8cc t utodec
0800a8f0 t utooct
0800a90e t utobin
0800a92c t prejustify
0800a9b6 t utohex
0800aa02 t utoascii
0800aa82 T lib_vsprintf
0800acd0 t memoutstream_putc
0800acea T lib_memoutstream
0800ad08 t nulloutstream_putc
0800ad10 T lib_nulloutstream
0800ad28 t isspace
0800ad3c T vsscanf
0800b034 T sscanf
0800b050 T lib_noflush
0800b054 T lib_mode2oflags
0800b0f6 T fdopen
0800b114 T fopen
0800b14a T fclose
0800b1aa T fgets
0800b1c6 t consume_eol
0800b1e0 T lib_fgets
0800b26c T fwrite
0800b284 T lib_fwrite
0800b2ae T fflush
0800b2da T fputs
0800b33a T fprintf
0800b354 T vfprintf
0800b37c t stdoutstream_putc
0800b3a2 T lib_stdoutstream
0800b3bc T strtol
0800b420 T strtoul
0800b486 T lib_checkbase
0800b4e6 T lib_isbasedigit
0800b534 T lib_skipspace
0800b54a T strchr
0800b562 T strcmp
0800b57c T strcspn
0800b59a T strnlen
0800b5b2 T strncmp
0800b5d2 T strncpy
0800b5f6 T strrchr
0800b61a T tcgetattr
0800b624 T tcsetattr
0800b634 T getopt
0800b740 T sleep
0800b778 T usleep
0800b7a8 T serialize_Time_t
0800b7c6 T deserialize_Time_t
0800b7e2 T serialize_String_t
0800b7ec T deserialize_String_t
0800b7f4 T serialize_BinarySequence_t
0800b7fe T deserialize_BinarySequence_t
0800b806 T serialize_StringSequence_t
0800b832 T deserialize_StringSequence_t
0800b85a T serialize_ClientKey
0800b868 T deserialize_ClientKey
0800b876 T serialize_ObjectId
0800b884 T deserialize_ObjectId
0800b892 T serialize_ObjectPrefix
0800b8a0 T deserialize_ObjectPrefix
0800b8ae T serialize_XrceCookie
0800b8bc T deserialize_XrceCookie
0800b8ca T serialize_XrceVersion
0800b8d8 T deserialize_XrceVersion
0800b8e6 T serialize_XrceVendorId
0800b8f4 T deserialize_XrceVendorId
0800b902 T serialize_TransportLocatorSmall
0800b920 T deserialize_TransportLocatorSmall
0800b93e T serialize_TransportLocatorMedium
0800b95c T deserialize_TransportLocatorMedium
0800b97a T serialize_TransportLocatorLarge
0800b998 T deserialize_TransportLocatorLarge
0800b9b8 T serialize_TransportLocatorString
0800b9c4 T deserialize_TransportLocatorString
0800b9d0 T serialize_TransportLocator
0800ba20 T deserialize_TransportLocator
0800ba6e T serialize_TransportLocatorSeq
0800ba9a T deserialize_TransportLocatorSeq
0800bac2 T serialize_Property
0800bae0 T deserialize_Property
0800bafe T serialize_PropertySeq
0800bb2a T deserialize_PropertySeq
0800bb52 T serialize_CLIENT_Representation
0800bbb8 T deserialize_CLIENT_Representation
0800bc22 T serialize_AGENT_Representation
0800bc72 T deserialize_AGENT_Representation
0800bcc4 T serialize_OBJK_Representation3Formats
0800bd00 T deserialize_OBJK_Representation3Formats
0800bd3a T serialize_OBJK_RepresentationRefAndXMLFormats
0800bd68 T deserialize_OBJK_RepresentationRefAndXMLFormats
0800bd94 T serialize_OBJK_RepresentationBinAndXMLFormats
0800bdcc T deserialize_OBJK_RepresentationBinAndXMLFormats
0800be02 T serialize_OBJK_RepresentationRefAndXML_Base
0800be0e T deserialize_OBJK_RepresentationRefAndXML_Base
0800be1a T serialize_OBJK_RepresentationBinAndXML_Base
0800be26 T deserialize_OBJK_RepresentationBinAndXML_Base
0800be32 T serialize_OBJK_Representation3_Base
0800be3e T deserialize_OBJK_Representation3_Base
0800be4a T serialize_OBJK_QOSPROFILE_Representation
0800be56 T deserialize_OBJK_QOSPROFILE_Representation
0800be62 T serialize_OBJK_TYPE_Representation
0800be6e T deserialize_OBJK_TYPE_Representation
0800be7a T serialize_OBJK_DOMAIN_Representation
0800be86 T deserialize_OBJK_DOMAIN_Representation
0800be92 T serialize_OBJK_APPLICATION_Representation
0800be9e T deserialize_OBJK_APPLICATION_Representation
0800beaa T serialize_OBJK_PUBLISHER_Representation
0800bec8 T deserialize_OBJK_PUBLISHER_Representation
0800bee6 T serialize_OBJK_SUBSCRIBER_Representation
0800bf04 T deserialize_OBJK_SUBSCRIBER_Representation
0800bf22 T serialize_DATAWRITER_Representation
0800bf40 T deserialize_DATAWRITER_Representation
0800bf5e T serialize_DATAREADER_Representation
0800bf7c T deserialize_DATAREADER_Representation
0800bf9a T serialize_OBJK_PARTICIPANT_Representation
0800bfb8 T deserialize_OBJK_PARTICIPANT_Representation
0800bfd6 T serialize_OBJK_TOPIC_Representation
0800bff4 T deserialize_OBJK_TOPIC_Representation
0800c012 T serialize_OBJK_DomainParticipant_Binary
0800c058 T deserialize_OBJK_DomainParticipant_Binary
0800c09c T serialize_OBJK_Topic_Binary
0800c0f2 T deserialize_OBJK_Topic_Binary
0800c148 T serialize_OBJK_Publisher_Binary_Qos
0800c190 T deserialize_OBJK_Publisher_Binary_Qos
0800c1da T serialize_OBJK_Publisher_Binary
0800c220 T deserialize_OBJK_Publisher_Binary
0800c264 T serialize_OBJK_Subscriber_Binary_Qos
0800c2ac T deserialize_OBJK_Subscriber_Binary_Qos
0800c2f6 T serialize_OBJK_Subscriber_Binary
0800c33c T deserialize_OBJK_Subscriber_Binary
0800c380 T serialize_OBJK_Endpoint_QosBinary
0800c406 T deserialize_OBJK_Endpoint_QosBinary
0800c492 T serialize_OBJK_DataWriter_Binary_Qos
0800c4c6 T deserialize_OBJK_DataWriter_Binary_Qos
0800c4fa T serialize_OBJK_DataReader_Binary_Qos
0800c550 T deserialize_OBJK_DataReader_Binary_Qos
0800c5a6 T serialize_OBJK_DataReader_Binary
0800c5da T deserialize_OBJK_DataReader_Binary
0800c60e T serialize_OBJK_DataWriter_Binary
0800c642 T deserialize_OBJK_DataWriter_Binary
0800c676 T serialize_ObjectVariant
0800c718 T deserialize_ObjectVariant
0800c7b8 T serialize_CreationMode
0800c7d6 T deserialize_CreationMode
0800c7f2 T serialize_RequestId
0800c800 T deserialize_RequestId
0800c80e T serialize_ResultStatus
0800c82c T deserialize_ResultStatus
0800c848 T serialize_BaseObjectRequest
0800c864 T deserialize_BaseObjectRequest
0800c880 T serialize_AGENT_ActivityInfo
0800c8a0 T deserialize_AGENT_ActivityInfo
0800c8bc T serialize_DATAREADER_ActivityInfo
0800c8cc T deserialize_DATAREADER_ActivityInfo
0800c8d8 T serialize_DATAWRITER_ActivityInfo
0800c8fa T deserialize_DATAWRITER_ActivityInfo
0800c918 T serialize_ActivityInfoVariant
0800c964 T deserialize_ActivityInfoVariant
0800c9ae T serialize_ObjectInfo
0800c9f6 T deserialize_ObjectInfo
0800ca40 T serialize_BaseObjectReply
0800ca5c T deserialize_BaseObjectReply
0800ca78 T serialize_DataDeliveryControl
0800caaa T deserialize_DataDeliveryControl
0800cada T serialize_ReadSpecification
0800cb36 T deserialize_ReadSpecification
0800cb90 T serialize_SeqNumberAndTimestamp
0800cbae T deserialize_SeqNumberAndTimestamp
0800cbca T serialize_SampleInfoDetail
0800cc04 T deserialize_SampleInfoDetail
0800cc3c T serialize_SampleInfo
0800cc5c T deserialize_SampleInfo
0800cc78 T serialize_SampleInfoDelta
0800cca0 T deserialize_SampleInfoDelta
0800ccc6 T serialize_SampleData
0800ccd0 T deserialize_SampleData
0800ccd8 T serialize_SampleDataSeq
0800cd04 T deserialize_SampleDataSeq
0800cd2c T serialize_Sample
0800cd4a T deserialize_Sample
0800cd68 T serialize_SampleSeq
0800cd94 T deserialize_SampleSeq
0800cdbc T serialize_SampleDelta
0800cdd8 T deserialize_SampleDelta
0800cdf4 T serialize_SampleDeltaSequence
0800ce20 T deserialize_SampleDeltaSequence
0800ce48 T serialize_PackedSamples
0800ce66 T deserialize_PackedSamples
0800ce84 T serialize_SamplePackedSeq
0800ceb2 T deserialize_SamplePackedSeq
0800cedc T serialize_DataRepresentation
0800cf42 T deserialize_DataRepresentation
0800cfa6 T serialize_CREATE_CLIENT_Payload
0800cfc2 T deserialize_CREATE_CLIENT_Payload
0800cfde T serialize_CREATE_Payload
0800cffa T deserialize_CREATE_Payload
0800d016 T serialize_GET_INFO_Payload
0800d032 T deserialize_GET_INFO_Payload
0800d04e T serialize_DELETE_Payload
0800d05a T deserialize_DELETE_Payload
0800d066 T serialize_STATUS_AGENT_Payload
0800d084 T deserialize_STATUS_AGENT_Payload
0800d0a2 T serialize_STATUS_Payload
0800d0ae T deserialize_STATUS_Payload
0800d0ba T serialize_INFO_Payload
0800d0d8 T deserialize_INFO_Payload
0800d0f6 T serialize_READ_DATA_Payload
0800d112 T deserialize_READ_DATA_Payload
0800d12e T serialize_WRITE_DATA_Payload_Data
0800d13a T deserialize_WRITE_DATA_Payload_Data
0800d146 T serialize_WRITE_DATA_Payload_Sample
0800d162 T deserialize_WRITE_DATA_Payload_Sample
0800d17e T serialize_WRITE_DATA_Payload_DataSeq
0800d19a T deserialize_WRITE_DATA_Payload_DataSeq
0800d1b6 T serialize_WRITE_DATA_Payload_SampleSeq
0800d1d2 T deserialize_WRITE_DATA_Payload_SampleSeq
0800d1ee T serialize_WRITE_DATA_Payload_PackedSamples
0800d20a T deserialize_WRITE_DATA_Payload_PackedSamples
0800d226 T serialize_DATA_Payload_Data
0800d242 T deserialize_DATA_Payload_Data
0800d25e T serialize_DATA_Payload_Sample
0800d27a T deserialize_DATA_Payload_Sample
0800d296 T serialize_DATA_Payload_DataSeq
0800d2b2 T deserialize_DATA_Payload_DataSeq
0800d2ce T serialize_DATA_Payload_SampleSeq
0800d2ea T deserialize_DATA_Payload_SampleSeq
0800d306 T serialize_DATA_Payload_PackedSamples
0800d322 T deserialize_DATA_Payload_PackedSamples
0800d33e T serialize_ACKNACK_Payload
0800d360 T deserialize_ACKNACK_Payload
0800d37e T serialize_HEARTBEAT_Payload
0800d39c T deserialize_HEARTBEAT_Payload
0800d3b8 T mr_object_id
0800d3d2 T object_id_from_raw
0800d3f8 T object_id_to_raw
0800d410 t process_status
0800d44a t send_message.isra.0
0800d44e t flash_output_streams
0800d4ec t write_submessage_acknack.isra.4
0800d532 t read_submessage_list
0800d6ac t listen_message
0800d7ba t listen_message_reliably
0800d8c0 t wait_session_status.constprop.7
0800d902 T mr_init_session
0800d92e T mr_set_status_callback
0800d934 T mr_set_topic_callback
0800d93e T mr_create_session
0800d994 T mr_delete_session
0800d9de T mr_create_output_best_effort_stream
0800da1c T mr_create_output_reliable_stream
0800da60 T mr_create_input_best_effort_stream
0800da8e T mr_create_input_reliable_stream
0800dabc T mr_run_session_until_timeout
0800dade T mr_run_session_until_confirm_delivery
0800db14 T mr_run_session_until_status
0800dba8 T init_session_info
0800dbc6 T write_create_session
0800dc70 T write_delete_session
0800dca4 T read_create_session_status
0800dcc6 T read_delete_session_status
0800dcde T stamp_create_session_header
0800dd06 T stamp_session_header
0800dd30 T read_session_header
0800dd84 T session_header_offset
0800dd92 T init_base_object_request
0800ddba T parse_base_object_request
0800dddc T mr_stream_id
0800de0e T mr_stream_id_from_raw
0800de44 T init_stream_storage
0800de56 T reset_stream_storage
0800debe T add_output_best_effort_buffer
0800defc T add_output_reliable_buffer
0800df4a T add_input_best_effort_buffer
0800df8e T add_input_reliable_buffer
0800dfd2 T get_output_best_effort_stream
0800dfe0 T get_output_reliable_stream
0800dff4 T get_input_best_effort_stream
0800e006 T get_input_reliable_stream
0800e018 T prepare_stream_to_write
0800e06e T output_streams_confirmed
0800e098 T write_submessage_header
0800e0d0 T read_submessage_header
0800e134 T submessage_padding
0800e140 T get_milli_time
0800e168 T mr_write_delete_entity
0800e1a8 T common_create_entity
0800e206 T mr_write_create_participant_ref
0800e270 t create_entity_xml
0800e2c2 T mr_write_configure_participant_xml
0800e2fa T mr_write_configure_topic_xml
0800e33e T mr_write_configure_publisher_xml
0800e382 T mr_write_configure_subscriber_xml
0800e3c6 T mr_write_configure_datawriter_xml
0800e40a T mr_write_configure_datareader_xml
0800e44e T mr_write_request_data
0800e4d0 T mr_write_cancel_data
0800e4ea T read_submessage_format
0800e538 t get_serial_error
0800e544 t recv_serial_msg
0800e59c t send_serial_msg
0800e5e8 t read_serial_data
0800e618 T mr_init_serial_transport_fd
0800e680 T mr_init_serial_transport
0800e6a8 T mr_close_serial_transport
0800e6bc t serialize_array_byte_1
0800e6e4 t deserialize_array_byte_1
0800e710 t get_alignment_offset
0800e734 t serialize_byte_8
0800e7a8 t deserialize_byte_8
0800e81a t serialize_byte_2
0800e868 t serialize_byte_4
0800e8c2 t deserialize_byte_2
0800e90e t deserialize_byte_4
0800e966 t serialize_array_byte_2
0800e9c6 t serialize_array_byte_4
0800ea26 t serialize_array_byte_8
0800ea86 t deserialize_array_byte_2
0800eae6 t deserialize_array_byte_4
0800eb46 t deserialize_array_byte_8
0800eba6 T init_micro_buffer
0800ebba T init_micro_buffer_offset
0800ebd0 T reset_micro_buffer
0800ebdc T reset_micro_buffer_offset
0800ebea T get_micro_state
0800ebfa T restore_micro_state
0800ec18 T align_to
0800ec34 T get_alignment
0800ec44 T micro_buffer_size
0800ec4a T micro_buffer_length
0800ec52 T micro_buffer_remaining
0800ec5a T serialize_char
0800ec80 T serialize_bool
0800eca6 T serialize_uint8_t
0800eccc T serialize_uint16_t
0800ece0 T serialize_uint32_t
0800ecf4 T serialize_uint64_t
0800ed08 T serialize_int16_t
0800ed1c T serialize_int32_t
0800ed30 T serialize_int64_t
0800ed44 T serialize_float
0800ed58 T serialize_double
0800ed6c T deserialize_char
0800ed94 T deserialize_bool
0800edbc T deserialize_uint8_t
0800ede4 T deserialize_uint16_t
0800edea T deserialize_uint32_t
0800edf0 T deserialize_uint64_t
0800edf6 T deserialize_int16_t
0800edfc T deserialize_int32_t
0800ee02 T deserialize_int64_t
0800ee08 T deserialize_float
0800ee0e T deserialize_double
0800ee14 T serialize_array_char
0800ee16 T serialize_array_bool
0800ee18 T serialize_array_uint8_t
0800ee1a T serialize_array_uint16_t
0800ee2a T serialize_array_uint32_t
0800ee3a T serialize_array_uint64_t
0800ee4a T serialize_array_int16_t
0800ee5a T serialize_array_int32_t
0800ee6a T serialize_array_int64_t
0800ee7a T serialize_array_float
0800ee8a T serialize_array_double
0800ee9a T deserialize_array_char
0800ee9c T deserialize_array_bool
0800ee9e T deserialize_array_uint8_t
0800eea0 T deserialize_array_uint16_t
0800eeb0 T deserialize_array_uint32_t
0800eec0 T deserialize_array_uint64_t
0800eed0 T deserialize_array_int16_t
0800eee0 T deserialize_array_int32_t
0800eef0 T deserialize_array_int64_t
0800ef00 T deserialize_array_float
0800ef10 T deserialize_array_double
0800ef20 T serialize_sequence_char
0800ef3c T serialize_sequence_bool
0800ef58 T serialize_sequence_uint8_t
0800ef74 T serialize_sequence_uint16_t
0800ef90 T serialize_sequence_uint32_t
0800efac T serialize_sequence_uint64_t
0800efc8 T serialize_sequence_int16_t
0800efe4 T serialize_sequence_int32_t
0800f000 T serialize_sequence_int64_t
0800f01c T serialize_sequence_float
0800f038 T serialize_sequence_double
0800f054 T deserialize_sequence_char
0800f070 T deserialize_sequence_bool
0800f08c T deserialize_sequence_uint8_t
0800f0a8 T deserialize_sequence_uint16_t
0800f0c4 T deserialize_sequence_uint32_t
0800f0e0 T deserialize_sequence_uint64_t
0800f0fc T deserialize_sequence_int16_t
0800f118 T deserialize_sequence_int32_t
0800f134 T deserialize_sequence_int64_t
0800f150 T deserialize_sequence_float
0800f16c T deserialize_sequence_double
0800f188 T serialize_endian_uint16_t
0800f19c T serialize_endian_uint32_t
0800f1b0 T serialize_endian_uint64_t
0800f1c2 T serialize_endian_int16_t
0800f1d6 T serialize_endian_int32_t
0800f1ea T serialize_endian_int64_t
0800f1fc T serialize_endian_float
0800f210 T serialize_endian_double
0800f222 T deserialize_endian_uint16_t
0800f226 T deserialize_endian_uint32_t
0800f22a T deserialize_endian_uint64_t
0800f22e T deserialize_endian_int16_t
0800f232 T deserialize_endian_int32_t
0800f236 T deserialize_endian_int64_t
0800f23a T deserialize_endian_float
0800f23e T deserialize_endian_double
0800f242 T serialize_endian_array_uint16_t
0800f246 T serialize_endian_array_uint32_t
0800f24a T serialize_endian_array_uint64_t
0800f24e T serialize_endian_array_int16_t
0800f252 T serialize_endian_array_int32_t
0800f256 T serialize_endian_array_int64_t
0800f25a T serialize_endian_array_float
0800f25e T serialize_endian_array_double
0800f262 T deserialize_endian_array_uint16_t
0800f264 T deserialize_endian_array_uint32_t
0800f266 T deserialize_endian_array_uint64_t
0800f268 T deserialize_endian_array_int16_t
0800f26a T deserialize_endian_array_int32_t
0800f26c T deserialize_endian_array_int64_t
0800f26e T deserialize_endian_array_float
0800f270 T deserialize_endian_array_double
0800f272 T serialize_endian_sequence_uint16_t
0800f294 T serialize_endian_sequence_uint32_t
0800f2b6 T serialize_endian_sequence_uint64_t
0800f2d8 T serialize_endian_sequence_int16_t
0800f2fa T serialize_endian_sequence_int32_t
0800f31c T serialize_endian_sequence_int64_t
0800f33e T serialize_endian_sequence_float
0800f360 T serialize_endian_sequence_double
0800f382 T deserialize_endian_sequence_uint16_t
0800f3a4 T deserialize_endian_sequence_uint32_t
0800f3c6 T deserialize_endian_sequence_uint64_t
0800f3e8 T deserialize_endian_sequence_int16_t
0800f40a T deserialize_endian_sequence_int32_t
0800f42c T deserialize_endian_sequence_int64_t
0800f44e T deserialize_endian_sequence_float
0800f470 T deserialize_endian_sequence_double
0800f492 T add_file_action
0800f4ac T fgetc
0800f4cc T fputc
0800f506 T memcmp
0800f530 t get_next_octet
0800f56e t add_next_octet
0800f5ae T init_serial_io
0800f5b6 T write_serial_msg
0800f694 T read_serial_msg
0800f8dc T serialize_message_header
0800f916 T deserialize_message_header
0800f954 T serialize_submessage_header
0800f976 T deserialize_submessage_header
0800f998 T init_input_best_effort_stream
0800f9a0 T reset_input_best_effort_stream
0800f9a8 T receive_best_effort_message
0800f9bc T reset_input_reliable_stream
0800f9f2 T init_input_reliable_stream
0800fa02 T receive_reliable_message
0800faaa T next_input_reliable_buffer_available
0800fafe T write_acknack
0800fb8a T read_heartbeat
0800fbcc T is_input_reliable_stream_busy
0800fbd8 T init_output_best_effort_stream
0800fbe8 T reset_output_best_effort_stream
0800fbf4 T prepare_best_effort_buffer_to_write
0800fc1c T prepare_best_effort_buffer_to_send
0800fc56 t get_output_buffer
0800fc68 t get_output_buffer_length
0800fc7c T reset_output_reliable_stream
0800fcc8 T init_output_reliable_stream
0800fcde T prepare_reliable_buffer_to_write
0800fdaa T prepare_next_reliable_buffer_to_send
0800fe1a T update_output_stream_heartbeat_timestamp
0800fea8 T begin_output_nack_buffer_it
0800feac T next_reliable_nack_buffer_to_send
0800fefe T write_heartbeat
0800ff2e T read_acknack
0800ffee T is_output_reliable_stream_busy
0800fffe T seq_num_add
08010004 T seq_num_sub
0801002e T seq_num_cmp
0801005e T lib_fread
080100d0 T mallinfo
080100f4 T mm_mallinfo
0801014c T up_reprioritize_rtr
080101d0 T file_ioctl
080101ea T ioctl
08010220 T open_blockdriver
08010250 T close_blockdriver
08010278 T find_blockdriver
080102d4 T __aeabi_llsl
080102d4 T __ashldi3
080102ec T g_idle_topstack
080102f0 T g_gpiobase
08010300 t uart_devs
0801030c t g_uart_ops
0801035f t __FUNCTION__.5147
080103a2 t __FUNCTION__.6464
080103ac t __FUNCTION__.6453
080103b9 t __FUNCTION__.6438
080103c6 t __FUNCTION__.6445
08010540 t g_idlename
0801054c T g_tasklisttable
080105be t g_noname
08010620 t g_serialops
08010640 t g_syslog_console_channel
08010650 T g_default_channel
08010660 t g_syscrlf
08010662 t g_daysbeforemonth
08010700 t g_erasetoeol
08010703 t g_token_separator
08010707 t g_redirect1
08010709 t g_redirect2
0801070c T g_fmtarginvalid
08010727 T g_fmttoomanyargs
08010744 T g_fmtcmdfailed
0801075c t g_line_separator
08010761 T g_fmtnomatching
0801077a T g_fmtsignalrecvd
0801079a T g_fmtinternalerror
080107b3 T g_fmtcmdoutofmemory
080107cb T g_fmtcontext
080107ef T g_fmtdeepnesting
0801080a T g_fmtnosuch
08010823 T g_fmtcmdnotfound
0801083f T g_fmtargrange
0801085c T g_fmtargrequired
08010883 T g_fmtsyntax
0801089a T g_nshprompt
080108a0 T g_nshgreeting
080108ec t g_cmdmap
08010c71 t g_type
08010c77 t g_state
08010c7e t g_flags
08010c85 t g_priority
08010c8f t g_scheduler
08010c9a t g_sigmask
08010ca3 t g_stacksize
08010e1c T g_builtin_count
08010e20 T g_builtins
08011c9c t g_nonbdfsmap
08011cb4 t g_procfs_entries
08011d08 T procfs_operations
08011d90 t g_nodeinfo
08011da8 t g_level0info
08011db8 t g_groupinfo
08011dc0 t g_level0node
08011dcc t g_ttypenames
08011ddc t g_statenames
08011df8 t g_policy
08011e08 t g_groupfd
08011e14 t g_groupstatus
08011e20 t g_group
08011e2c t g_stack
08011e38 t g_cmdline
08011e44 t g_status
08011e50 T proc_operations
08012008 T uptime_operations
0801203c T meminfo_operations
080120b8 t labels.5615
080120c0 T mount_procfsoperations
080121b4 T g_default_pthread_attr
0801224c T bch_fops
0801226c t devnull_fops
08012296 t g_nullstring
080122b9 t spaces
080122c0 t CSWTCH.20
080122e1 t CSWTCH.21
0801231f T MR_DATAREADER_ID
08012320 T MR_DATAWRITER_ID
08012321 T MR_SUBSCRIBER_ID
08012322 T MR_PUBLISHER_ID
08012323 T MR_TOPIC_ID
08012324 T MR_PARTICIPANT_ID
0801232d T MACHINE_ENDIANNESS
0801232e t crc16_table
0801254b A _einit
0801254b A _etext
0801254b A __exidx_start
0801254b A _sinit
08012554 A _eronly
08012554 A __exidx_end
20000000 A _sdata
20000000 d g_usart1priv
20000058 d g_usart2priv
200000b0 D g_syslog_channel
200000b4 D g_syslog_mask
200000b6 d g_devno_sem
200000b8 D g_spawn_parmsem
200000bc D optind
200000c0 D optopt
200000c4 A _edata
200000c4 A _sbss
200000c4 b g_usart2txbuffer
20000104 b g_usart2rxbuffer
20000304 b g_usart1txbuffer
20000344 b g_usart1rxbuffer
20000384 b g_bkp_writable_counter
20000388 b g_idletcb
20000440 b g_idleargv
20000448 b g_irqerrno
2000044c b g_sigactionalloc
20000450 b g_sigpendingactionalloc
20000454 b g_sigpendingirqactionalloc
20000458 b g_sigpendingsignalalloc
2000045c b g_sigpendingirqsignalalloc
20000460 b g_wdpool
200004c0 b g_syslog_dev
200004dc b output_best_effort_stream_buffer.5884
2000063a b output_reliable_stream_buffer.5885
200008f6 b input_reliable_stream_buffer.5886
20000bb2 b g_inode_sem
20000bb8 b g_devno
20000bbc B g_root_inode
20000bc0 b g_retchar
20000bc4 b g_binitialized
20000bc8 b g_optptr
20000bcc b serial_errno
20000bd0 B g_current_regs
20000bd4 B g_waitingforsemaphore
20000bdc B g_readytorun
20000be4 B g_os_initstate
20000be8 B g_inactivetasks
20000bf0 B g_waitingforsignal
20000bf8 B g_pidhash
20000c38 B g_pendingtasks
20000c40 B g_lastpid
20000c44 B g_delayed_kufree
20000c4c B g_hpwork
20000c5c B g_irqvector
20000e8c B g_system_timer
20000e90 B g_basetime
20000e98 B g_sigfreeaction
20000ea0 B g_sigpendingaction
20000ea8 B g_sigpendingirqaction
20000eb0 B g_sigpendingirqsignal
20000eb8 B g_sigpendingsignal
20000ec0 B g_wdfreelist
20000ec8 B g_wdnfree
20000ecc B g_wdactivelist
20000ed4 B g_mmheap
20000f78 B g_spawn_parms
20000f94 B optarg
20000f98 A _ebss
